[coffee.bitnet.si/Web/index.html]
[maxcdn.bootstrapcdn.com/bootstrap/3.3.7/css/bootstrap.min.css]
[maxcdn.bootstrapcdn.com/font-awesome/4.7.0/css/font-awesome.min.css]
[ajax.googleapis.com/ajax/libs/jquery/3.1.0/jquery.min.js]
[maxcdn.bootstrapcdn.com/bootstrap/3.3.7/js/bootstrap.min.js]
[coffee.bitnet.si/Web/Resources/landing_styles4c56.css]
[coffee.bitnet.si/Web/Resources/game_stylese0c6.css]
[cdn.jsdelivr.net/jquery.slick/1.6.0/slick.css]
[cdn.jsdelivr.net/jquery.slick/1.6.0/slick-theme.css]
[backblue.gif]
[fade.gif]
[index.html]
[cdn.jsdelivr.net/jquery.slick/1.6.0/slick.min.js]
[coffee.bitnet.si/Web/Resources/arrow_prev.png]
[coffee.bitnet.si/Web/Resources/arrow_next.png]
[coffee.bitnet.si/Web/Resources/blue_separator.png]
[coffee.bitnet.si/Web/Resources/carousel_kava.png]
[coffee.bitnet.si/Web/Resources/carousel_hladna.png]
[coffee.bitnet.si/Web/Resources/carousel_sladoled.png]
[coffee.bitnet.si/Web/Resources/rotate_btn.png]
[coffee.bitnet.si/Web/index.html]
[maxcdn.bootstrapcdn.com/bootstrap/3.3.7/css/bootstrap.min.css]
[maxcdn.bootstrapcdn.com/font-awesome/4.7.0/css/font-awesome.min.css]
[coffee.bitnet.si/Web/Resources/HelveticaNeueLTPro-Lt.otf]
[coffee.bitnet.si/Web/Resources/HelveticaNeueLTPro-Lt.ttf]
[coffee.bitnet.si/Web/Resources/HelveticaNeueLTPro-Th.otf]
[coffee.bitnet.si/Web/Resources/HelveticaNeueLTPro-Th.ttf]
[coffee.bitnet.si/Web/Resources/HelveticaNeueLTPro-Bd.otf]
[coffee.bitnet.si/Web/Resources/HelveticaNeueLTPro-Bd.ttf]
[coffee.bitnet.si/Web/Resources/HelveticaNeueLTPro-Roman.otf]
[coffee.bitnet.si/Web/Resources/HelveticaNeueLTPro-Roman.ttf]
[coffee.bitnet.si/Web/Resources/huge_bg.png]
[coffee.bitnet.si/Web/Resources/toothpaste_swirly.png]
[coffee.bitnet.si/Web/Resources/bottom_background.png]
[coffee.bitnet.si/Web/Resources/people_group.png]
[coffee.bitnet.si/Web/Resources/sensodyne_logo.png]
[coffee.bitnet.si/Web/Resources/gsklogo.png]
[coffee.bitnet.si/Web/Resources/pasta_shadows.png]
[coffee.bitnet.si/Web/Resources/particles.png]
[coffee.bitnet.si/Web/Resources/landing_styles4c56.css]
[coffee.bitnet.si/Web/Resources/Pariz.png]
[coffee.bitnet.si/Web/Resources/background.png]
[coffee.bitnet.si/Web/Resources/horizontalLine.png]
[coffee.bitnet.si/Web/Resources/position.png]
[coffee.bitnet.si/Web/Resources/ruler.png]
[coffee.bitnet.si/Web/Resources/logo.png]
[coffee.bitnet.si/Web/Resources/logo1.png]
[coffee.bitnet.si/Web/Resources/crtice1.png]
[coffee.bitnet.si/Web/Resources/circle.png]
[coffee.bitnet.si/Web/Resources/crtice2.png]
[coffee.bitnet.si/Web/Resources/line.png]
[coffee.bitnet.si/Web/Resources/Barcelona.png]
[coffee.bitnet.si/Web/Resources/Berlin.png]
[coffee.bitnet.si/Web/Resources/game_stylese0c6.css]
[cdn.jsdelivr.net/jquery.slick/1.6.0/slick.css]
[cdn.jsdelivr.net/jquery.slick/1.6.0/ajax-loader.gif]
[cdn.jsdelivr.net/jquery.slick/1.6.0/fonts/slick.eot]
[cdn.jsdelivr.net/jquery.slick/1.6.0/fonts/slickd41d.eot]
[cdn.jsdelivr.net/jquery.slick/1.6.0/fonts/slick.woff]
[cdn.jsdelivr.net/jquery.slick/1.6.0/fonts/slick.ttf]
[cdn.jsdelivr.net/jquery.slick/1.6.0/fonts/slick.svg]
[cdn.jsdelivr.net/jquery.slick/1.6.0/slick-theme.css]
[coffee.bitnet.si/Web/Resources/HelveticaNeueLTPro-Th.html]
[cdn.jsdelivr.net/jquery.slick/1.6.0/fonts/slick.svg]
